c2	1	N	0	CCCCC
c2	2	N	0	CCCCC
c2	3	N	0	AAAAA
c2	4	N	0	AAAAA
c2	5	N	0	GGGC*
c2	6	N	0	GGGG*
c2	7	*	100	*****
c2	8	N	0	AAAAA
c2	9	N	0	AAAAA
c2	10	N	0	CCCCC
c2	11	N	0	CCCCC
