c1	5	A	100	A
c1	6	C	100	C
c1	7	G	100	G
c1	8	T	100	T
c1	9	A	100	A
c1	10	A	100	A
c1	11	T	100	T
c1	12	G	100	G
c1	13	C	100	C
c1	14	A	100	A
c2	3	A	100	A
c2	4	C	100	C
c2	5	G	100	G
c2	10	C	100	C
c2	11	G	100	G
c2	12	T	100	T
