c2	2	N	0	*
c2	3	A	100	A
c2	4	C	100	C
c2	5	G	100	G
c2	6	N	0	*
c2	7	N	0	*
c2	8	N	0	*
c2	9	N	0	*
c2	10	C	100	C
c2	11	G	100	G
c2	12	T	100	T
c2	13	N	0	*
