c2	1	C	72	CCCCC
c2	2	C	72	CCCCC
c2	3	A	72	AAAAA
c2	4	A	71	AAAAA
c2	5	N	0	GGGC*
c2	6	G	66	GGGG*
c2	7	*	71	*****
c2	8	A	71	AAAAA
c2	9	A	72	AAAAA
c2	10	C	72	CCCCC
c2	11	C	72	CCCCC
