c2	1	C	100	CCCCC
c2	2	C	100	CCCCC
c2	3	A	100	AAAAA
c2	4	A	100	AAAAA
c2	5	S	80	GGGC*
c2	6	g	100	GGGG*
c2	7	*	100	*****
c2	8	A	100	AAAAA
c2	9	A	100	AAAAA
c2	10	C	100	CCCCC
c2	11	C	100	CCCCC
